[www.monjavascript.net/textdefil_1.html]
[backblue.gif]
[fade.gif]
[index.html]
[www.monjavascript.net/im/header_tile.gif]
[www.monjavascript.net/im/mjs160x60_2.gif]
[www.monjavascript.net/err404.html]
[www.monjavascript.net/index.html]
[pagead2.googlesyndication.com/pagead/f.txt]
[www.monjavascript.net/recomail.html]
[www.monjavascript.net/contact.html]
[www.monjavascript.net/menujs/menuaccu.gif]
[www.monjavascript.net/im/flechep.gif]
[www.monjavascript.net/acmoteujjs.html]
[apis.google.com/js/plusone.js]
[www.monjavascript.net/somscript.html]
[www.monjavascript.net/menujs/menuscrpt.gif]
[www.monjavascript.net/somac_visit.html]
[www.monjavascript.net/somdat_h.html]
[www.monjavascript.net/somtexte.html]
[www.monjavascript.net/somfenetres.html]
[www.monjavascript.net/somform.html]
[www.monjavascript.net/somimages.html]
[www.monjavascript.net/sommenus.html]
[www.monjavascript.net/sompratique.html]
[www.monjavascript.net/sompopup.html]
[www.monjavascript.net/somdivers.html]
[www.monjavascript.net/menujs/menuplus.gif]
[www.monjavascript.net/cours_jjs/index.html]
[www.monjavascript.net/couleurs.html]
[www.monjavascript.net/metadescp.html]
[www.monjavascript.net/math.html]
[www.monjavascript.net/li/lissage.html]
[www.monjavascript.net/li/ta.html]
[www.monjavascript.net/mailcryp.html]
[www.monjavascript.net/moteur.html]
[www.monjavascript.net/scriptcryp.html]
[www.monjavascript.net/acmoteu.html]
[www.monjavascript.net/textdefil_2.html]
[www.monjavascript.net/textdefil_ho_2.html]
[www.monjavascript.net/textdefil_ho_1.html]
[www.monjavascript.net/textdefil.html]
[www.monjavascript.net/im/interro.jpg]
[www.monjavascript.net/fairelien.html]
[www.monjavascript.net/im/mjs-minilogo.gif]
[www.monjavascript.net/textdefil_1.html]
[www.monjavascript.net/mjs.css]
[www.monjavascript.net/favicon.ico]
[www.monjavascript.net/im/fleche.gif]
[www.jecreemonsite.net/im_ban/ban1_468x60.gif]
[www.monjavascript.net/imag_zoom.html]
[www.monjavascript.net/style.html]
[www.monjavascript.net/validdate.html]
[www.monjavascript.net/ban_menu.html]
[www.monjavascript.net/cpte_rebours.html]
[www.monjavascript.net/memory.html]
[www.monjavascript.net/resultform.html]
[www.monjavascript.net/nbaleat.html]
[www.monjavascript.net/menu.html]
[www.monjavascript.net/visionn.html]
[www.monjavascript.net/menucont.html]
[www.monjavascript.net/menuroue.html]
[www.monjavascript.net/menux2sim.html]
[www.monjavascript.net/protimage.html]
[sedo.com/bannerwerbung/bannerpage/global/_fr/banner468x60.3e.delayed]
[sedo.com/fileadmin/images/bannerwerbung/bannerpage/global/_fr/banner468x60.gif]
[www.secuser.com/secuserinfo_securite_text.js]
[www.monjavascript.net/index.html]
[www.monjavascript.net/im/404.gif]
[www.monjavascript.net/err404.html]
[www.monjavascript.net/index-2.html]
[www.monjavascript.net/im/230x60.gif]
[www.monjavascript.net/recomail.html]
[www.monjavascript.net/im/mjs-logo.gif]
[www.monjavascript.net/securite/securite.png]
[www.monjavascript.net/contact.html]
[www.monjavascript.net/rechergog.html]
[www.monjavascript.net/acmoteujjs.html]
[www.monjavascript.net/somscript.html]
[www.monjavascript.net/mesdef.html]
[www.monjavascript.net/insfavo.html]
[www.monjavascript.net/mailto.html]
[www.monjavascript.net/ecrivez-moi.html]
[www.monjavascript.net/ch_navig.html]
[www.monjavascript.net/siteplecran.html]
[www.monjavascript.net/homepselect.html]
[www.monjavascript.net/ouvert_frames.html]
[www.monjavascript.net/im/flecheb.gif]
[www.monjavascript.net/somac_visit.html]
[www.monjavascript.net/date.html]
[www.monjavascript.net/heuregmt.html]
[www.monjavascript.net/heure.html]
[www.monjavascript.net/heuremaj.html]
[www.monjavascript.net/heurepage.html]
[www.monjavascript.net/heurepgmt.html]
[www.monjavascript.net/reveil.html]
[www.monjavascript.net/annivers.html]
[www.monjavascript.net/somdat_h.html]
[www.monjavascript.net/vol_caract.html]
[www.monjavascript.net/somtexte.html]
[www.monjavascript.net/pleinecran.html]
[www.monjavascript.net/pleinecran2.html]
[www.monjavascript.net/fenfocus.html]
[www.monjavascript.net/gardfocus.html]
[www.monjavascript.net/somfenetres.html]
[www.monjavascript.net/validnbre.html]
[www.monjavascript.net/form_chpage.html]
[www.monjavascript.net/mailcach.html]
[www.monjavascript.net/metatag.html]
[www.monjavascript.net/gencss.html]
[www.monjavascript.net/somform.html]
[www.monjavascript.net/rollov_3.html]
[www.monjavascript.net/rollover.html]
[www.monjavascript.net/imagsouris.html]
[www.monjavascript.net/precharg.html]
[www.monjavascript.net/rollov_3bis.html]
[www.monjavascript.net/rollauto.html]
[www.monjavascript.net/visionn_im.html]
[www.monjavascript.net/imagefix.html]
[www.monjavascript.net/imag_plus.html]
[www.monjavascript.net/imag_plus2.html]
[www.monjavascript.net/imag_zoom2.html]
[www.monjavascript.net/imagsouris1.html]
[www.monjavascript.net/imagsouris2.html]
[www.monjavascript.net/somimages.html]
[www.monjavascript.net/menufix.html]
[www.monjavascript.net/menuht.html]
[www.monjavascript.net/sommenus.html]
[www.monjavascript.net/datebis.html]
[www.monjavascript.net/redirect.html]
[www.monjavascript.net/redirects.html]
[www.monjavascript.net/redirmois.html]
[www.monjavascript.net/homepage.html]
[www.monjavascript.net/noclic.html]
[www.monjavascript.net/noclic2.html]
[www.monjavascript.net/sompratique.html]
[www.monjavascript.net/popup.html]
[www.monjavascript.net/fencent.html]
[www.monjavascript.net/fendroit.html]
[www.monjavascript.net/fenferm.html]
[www.monjavascript.net/ouvretard.html]
[www.monjavascript.net/fermfen.html]
[www.monjavascript.net/nopopup.html]
[www.monjavascript.net/nopopup2.html]
[www.monjavascript.net/fen_ferm.html]
[www.monjavascript.net/popupmove.html]
[www.monjavascript.net/sompopup.html]
[www.monjavascript.net/al-bhede.html]
[www.monjavascript.net/convert.html]
[www.monjavascript.net/somdivers.html]
[www.monjavascript.net/cours_jjs/js01intro.html]
[www.monjavascript.net/cours_jjs/js02implant.html]
[www.monjavascript.net/cours_jjs/js03var.html]
[www.monjavascript.net/cours_jjs/js04tab.html]
[www.monjavascript.net/cours_jjs/js05char.html]
[www.monjavascript.net/cours_jjs/js06even.html]
[www.monjavascript.net/cours_jjs/js07oper.html]
[www.monjavascript.net/cours_jjs/js08cond.html]
[www.monjavascript.net/cours_jjs/js09fonc.html]
[www.monjavascript.net/cours_jjs/js10meth.html]
[www.monjavascript.net/cours_jjs/js11dial.html]
[www.monjavascript.net/cours_jjs/js12objet.html]
[www.monjavascript.net/cours_jjs/js13noyau.html]
[www.monjavascript.net/cours_jjs/js14array.html]
[www.monjavascript.net/cours_jjs/js15boolean.html]
[www.monjavascript.net/cours_jjs/js16date.html]
[www.monjavascript.net/cours_jjs/js17math.html]
[www.monjavascript.net/cours_jjs/js18regexp.html]
[www.monjavascript.net/cours_jjs/js19string.html]
[www.monjavascript.net/cours_jjs/js20objets.html]
[www.monjavascript.net/cours_jjs/js21window.html]
[www.monjavascript.net/cours_jjs/js22navig.html]
[www.monjavascript.net/cours_jjs/js23history.html]
[www.monjavascript.net/cours_jjs/images/flchd.gif]
[www.monjavascript.net/cours_jjs/index.html]
[www.monjavascript.net/metadescp.html]
[www.monjavascript.net/couleurs.html]
[www.monjavascript.net/math.html]
[www.monjavascript.net/li/lissage.html]
[www.monjavascript.net/li/ta.html]
[www.monjavascript.net/moteurcode.html]
[www.monjavascript.net/moteurcode1.html]
[www.monjavascript.net/moteurcode2.html]
[www.monjavascript.net/moteur.html]
[www.monjavascript.net/mailcryp.html]
[www.monjavascript.net/scriptcryp.html]
[www.monjavascript.net/recheche.html]
[www.alltheweb.com/g/atwlogo_small.b0.delayed]
[www.monjavascript.net/acmoteu.html]
[www.monjavascript.net/java/textdefil1.js]
[www.monjavascript.net/textdefil_2.html]
[www.monjavascript.net/textdefil_ho_2.html]
[www.monjavascript.net/textdefil_ho_1.html]
[www.monjavascript.net/textdefil.html]
[www.monjavascript.net/im/468x60.gif]
[www.monjavascript.net/im/88x31.gif]
[www.monjavascript.net/fairelien.html]
[www.monjavascript.net/java/textdefil2.js]
[www.monjavascript.net/im/imag1.gif]
[www.monjavascript.net/imag_zoom.html]
[www.monjavascript.net/style.html]
[www.monjavascript.net/validdate.html]
[www.monjavascript.net/creatsite.html]
[www.monjavascript.net/ban_menu.html]
[www.monjavascript.net/cpte_rebours.html]
[www.monjavascript.net/memory/memory.html]
[www.monjavascript.net/memory/jimag0.gif]
[www.monjavascript.net/memory/jimag1.gif]
[www.monjavascript.net/memory/jimag00.gif]
[www.monjavascript.net/memory/jimag2.gif]
[www.monjavascript.net/memory/jimag3.gif]
[www.monjavascript.net/memory/jimag4.gif]
[www.monjavascript.net/memory/jimag5.gif]
[www.monjavascript.net/memory/jimag6.gif]
[www.monjavascript.net/memory/gagne.gif]
[www.monjavascript.net/memory.html]
[www.monjavascript.net/resultform.html]
[www.monjavascript.net/nbaleat.html]
[www.monjavascript.net/menu.html]
[www.monjavascript.net/im/index.html]
[www.monjavascript.net/im/imaga.gif]
[www.monjavascript.net/visionn.html]
[www.monjavascript.net/menucontfr.html]
[www.monjavascript.net/menucont.html]
[www.monjavascript.net/menuroue2.html]
[www.monjavascript.net/java/rouemenu.zip]
[www.monjavascript.net/menuroue.html]
[www.monjavascript.net/menux2sim.html]
[www.monjavascript.net/im/imag1p.gif]
[www.monjavascript.net/im/imag2p.gif]
[www.monjavascript.net/im/imag2.gif]
[www.monjavascript.net/protimage.html]
[www.monjavascript.net/index-2.html]
[www.monjavascript.net/rechergog.html]
[www.monjavascript.net/mesdef.html]
[www.monjavascript.net/insfavo.html]
[www.monjavascript.net/mailto.html]
[www.monjavascript.net/im/flecheh.gif]
[www.monjavascript.net/ecrivez-moi.html]
[www.monjavascript.net/ch_navig/page-mie.html]
[www.monjavascript.net/ch_navig/page-net.html]
[www.monjavascript.net/ch_navig/page-def.html]
[www.monjavascript.net/ch_navig.html]
[www.monjavascript.net/siteplecran.html]
[www.monjavascript.net/homepselect.html]
[www.monjavascript.net/ouvert_frames.html]
[www.monjavascript.net/date.html]
[www.monjavascript.net/heuregmt.html]
[www.monjavascript.net/heure.html]
[www.monjavascript.net/heuresec.html]
[www.monjavascript.net/heuremaj.html]
[www.monjavascript.net/heurepage.html]
[www.monjavascript.net/heurepgmt.html]
[www.monjavascript.net/java/rev.zip]
[www.monjavascript.net/reveil.html]
[www.monjavascript.net/annivers.html]
[www.monjavascript.net/vol_caract.html]
[www.monjavascript.net/pleinecran3.html]
[www.monjavascript.net/pleinecran.html]
[www.monjavascript.net/pleinecran2.html]
[www.monjavascript.net/cmc_pub.html]
[www.monjavascript.net/fenfocus.html]
[www.monjavascript.net/gardfocus.html]
[www.monjavascript.net/validnbre.html]
[www.monjavascript.net/form_chpage0b0e.html]
[www.monjavascript.net/form_chpage2a09.html]
[www.monjavascript.net/form_chpage.html]
[www.monjavascript.net/mailcach.html]
[www.monjavascript.net/java/genmetatag.zip]
[www.monjavascript.net/metatag.html]
[www.monjavascript.net/java/gencss.zip]
[www.monjavascript.net/gencss.html]
[www.monjavascript.net/im/imagb.gif]
[www.monjavascript.net/rollover.html]
[www.monjavascript.net/im/imagc.gif]
[www.monjavascript.net/rollov_3.html]
[www.monjavascript.net/precharg.html]
[www.monjavascript.net/im/1.gif]
[www.monjavascript.net/im/2.gif]
[www.monjavascript.net/im/3.gif]
[www.monjavascript.net/im/4.gif]
[www.monjavascript.net/im/5.gif]
[www.monjavascript.net/imagsouris.html]
[www.monjavascript.net/rollov_3bis.html]
[www.monjavascript.net/rollauto.html]
[www.monjavascript.net/im/flchst.gif]
[www.monjavascript.net/im/flch2.gif]
[www.monjavascript.net/im/flchd.gif]
[www.monjavascript.net/visionn_im.html]
[www.monjavascript.net/im/flchg.gif]
[www.monjavascript.net/imagefix.html]
[www.monjavascript.net/imag_plus.html]
[www.monjavascript.net/imag_plus2.html]
[www.monjavascript.net/imag_zoom2.html]
[www.monjavascript.net/im/souris/droite.gif]
[www.monjavascript.net/im/souris/gauche.gif]
[www.monjavascript.net/imagsouris1.html]
[www.monjavascript.net/imagsouris2.html]
[www.monjavascript.net/menufix.html]
[www.monjavascript.net/menuht.html]
[www.monjavascript.net/datebis.html]
[www.monjavascript.net/redirect2.html]
[www.monjavascript.net/redirect.html]
[www.monjavascript.net/redirects.html]
[www.monjavascript.net/redirmois.html]
[www.monjavascript.net/homepage.html]
[www.monjavascript.net/noclic.html]
[www.monjavascript.net/noclic2.html]
[www.monjavascript.net/popup.html]
[www.monjavascript.net/fencent.html]
[www.monjavascript.net/pop_pub.html]
[www.monjavascript.net/fendroit.html]
[www.monjavascript.net/fenferm2.html]
[www.monjavascript.net/fenferm.html]
[www.monjavascript.net/ouvretard.html]
[www.monjavascript.net/fermfen.html]
[www.monjavascript.net/nopopup.html]
[www.monjavascript.net/nopopup2.html]
[www.monjavascript.net/fen_fermpop.html]
[www.monjavascript.net/fen_ferm.html]
[www.monjavascript.net/popupmove.html]
[www.monjavascript.net/java/traducteur.zip]
[www.monjavascript.net/al-bhede.html]
[www.monjavascript.net/convert.html]
[www.monjavascript.net/cours_jjs/images/flchg.gif]
[www.monjavascript.net/cours_jjs/images/warning.gif]
[www.monjavascript.net/cours_jjs/js01intro.html]
[www.monjavascript.net/cours_jjs/js02implant.html]
[www.monjavascript.net/cours_jjs/js03var.html]
[www.monjavascript.net/cours_jjs/js04tab.html]
[www.monjavascript.net/cours_jjs/js05char.html]
[www.monjavascript.net/cours_jjs/images/on.gif]
[www.monjavascript.net/cours_jjs/images/off.gif]
[www.monjavascript.net/cours_jjs/js06even.html]
[www.monjavascript.net/cours_jjs/js07oper.html]
[www.monjavascript.net/cours_jjs/js08cond.html]
[www.monjavascript.net/cours_jjs/js09fonc.html]
[www.monjavascript.net/cours_jjs/js10meth.html]
[www.monjavascript.net/cours_jjs/images/alert.gif]
[www.monjavascript.net/cours_jjs/images/confirm.gif]
[www.monjavascript.net/cours_jjs/images/prompt.gif]
[www.monjavascript.net/cours_jjs/js11dial.html]
[www.monjavascript.net/cours_jjs/js12objet.html]
[www.monjavascript.net/cours_jjs/js13noyau.html]
[www.monjavascript.net/cours_jjs/js14array.html]
[www.monjavascript.net/cours_jjs/js15boolean.html]
[www.monjavascript.net/cours_jjs/js16date.html]
[www.monjavascript.net/cours_jjs/js17math.html]
[www.monjavascript.net/cours_jjs/js18regexp.html]
[www.monjavascript.net/cours_jjs/js19string.html]
[www.monjavascript.net/cours_jjs/images/hierarchie.gif]
[www.monjavascript.net/cours_jjs/js20objets.html]
[www.monjavascript.net/cours_jjs/js21window.html]
[www.monjavascript.net/cours_jjs/js22navig.html]
[www.monjavascript.net/cours_jjs/js23history.html]
[www.monjavascript.net/moteurcode.html]
[www.monjavascript.net/moteurcode1.html]
[www.monjavascript.net/moteurcode2.html]
[www.monjavascript.net/recheche.html]
[search.yahoo.com/g/atwlogo_small.html]
[www.monjavascript.net/java/textdefil_ho2.js]
[www.monjavascript.net/java/textdefil_ho1.js]
[www.monjavascript.net/creatsite.html]
[www.monjavascript.net/memory/memory.html]
[www.monjavascript.net/im/index.html]
[www.monjavascript.net/menucont1.html]
[www.monjavascript.net/menucont2.html]
[www.monjavascript.net/menucontfr.html]
[www.monjavascript.net/menuroue2.html]
[www.monjavascript.net/ch_navig/page-mie.html]
[www.monjavascript.net/ch_navig/page-net.html]
[www.monjavascript.net/ch_navig/page-def.html]
[www.monjavascript.net/java/date.js]
[www.monjavascript.net/heuresec.html]
[www.monjavascript.net/reveil/h.js]
[www.monjavascript.net/java/vol_caract.js]
[www.monjavascript.net/java/vol_caract2.js]
[www.monjavascript.net/reveil/index.html]
[www.monjavascript.net/pleinecran3.html]
[www.monjavascript.net/cmc_pub.html]
[www.monjavascript.net/form_chpage0b0e.html]
[www.monjavascript.net/form_chpage2a09.html]
[www.monjavascript.net/java/couleurs.js]
[www.monjavascript.net/java/imagsouris.js]
[www.monjavascript.net/redirect2.html]
[www.monjavascript.net/pop_pub.html]
[www.monjavascript.net/fenferm2.html]
[www.monjavascript.net/fen_fermpop.html]
[www.monjavascript.net/menucont3.html]
[www.monjavascript.net/menucont1.html]
[www.monjavascript.net/menucont2.html]
[www.monjavascript.net/reveil/index.html]
[www.monjavascript.net/menucont3.html]
[www.lacuisinedemacopine.net/cmc2.gif]
[www.lacuisinedemacopine.net/cmc1.gif]
